python : <frozen runpy>:130: RuntimeWarning: 'plugin.tools' found in sys.modules after import of package 'plugin', but 
prior to execution of 'plugin.tools'; this may result in unpredictable behaviour
At line:1 char:371
+ ... "; $env:PYTHONIOENCODING="utf-8"; python -m plugin.tools 2>&1 | Out-F ...
+                                       ~~~~~~~~~~~~~~~~~~~~~~~~~~~
    + CategoryInfo          : NotSpecified: (<frozen runpy>:...table behaviour:String) [], RemoteException
    + FullyQualifiedErrorId : NativeCommandError
 
Traceback (most recent call last):
  File "<frozen runpy>", line 203, in _run_module_as_main
  File "<frozen runpy>", line 88, in _run_code
  File "C:\personal\Health_agent_system\plugin\tools.py", line 1484, in <module>
    assert "error" in result and "Not authorized" in result["error"], \
           ^^^^^^^^^^^^^^^^^^^^^^^^^^^^^^^^^^^^^^^^^^^^^^^^^^^^^^^^^
AssertionError: Expected authorization error, got {'text': 'Users: 2\nusers: 2\nbody_metrics: 1\nfood_log: 
0\nwater_log: 1\nglucose_log: 0\nanthropometry: 0\nmed_log: 0\nalerts: 0\nmilestones: 1\nSchema: v1'}

============================================================
TEST 1: Registration
============================================================
OK: All 18 tools registered with schemas and handlers
Tools: admin_cmd, explain_target, get_day_summary, get_evening_report, get_progress, get_status_bar, get_trends, import_scale_export, log_anthropometry, log_food, log_glucose, log_med, log_water, log_weight, query_food, query_metrics, register_user, set_milestone

============================================================
TEST 2: log_water handler
============================================================
OK: log_water returned valid JSON with alerts
Result: {'water_ml': 500.0, 'water_target_ml': 3000.0, 'alerts': []}

============================================================
TEST 3: get_status_bar byte-identity
============================================================
OK: get_status_bar is byte-identical to report.status_bar()
Status bar:
Сегодня 20.08, 23:39. Вес 80.0 (утро). Цель 2200 ккал.
Съедено 0 / Б 0 / Ж 0 / У 0. Вода 0.5 / 3.0 л.
Активных алертов нет.
Тренд 7 дней: недостаточно данных.

============================================================
TEST 4: register_user twice with same telegram_user_id
============================================================
OK: First registration created user_id=2

============================================================
TEST 5: register_user returns targets matching config.targets_for()
============================================================
OK: Targets match config.targets_for()
Targets: {'protein_g': 153.0, 'water_ml': 1955.0}

============================================================
TEST 6: register_user updates existing user
============================================================
OK: UPSERT works. Created=True, Updated=False

============================================================
TEST 7: set_milestone twice with same name
============================================================
OK: Milestone UPSERT works. ID=1, threshold updated to 74.0

============================================================
TEST 8: set_milestone with garbage metric
============================================================
OK: Invalid metric rejected with error JSON, no row written
Error: Metric 'foobar_metric' not recognized. Valid: weight_kg, ffm_kg, fat_pct, waist

============================================================
TEST 9: get_status_bar runs after register_user without raising
============================================================
OK: get_status_bar ran without raising
Status bar:
Сегодня 20.08, 23:39. Вес 80.0 (утро). Цель 2200 ккал.
Съедено 0 / Б 0 / Ж 0 / У 0. Вода 0.5 / 3.0 л.
Активных алертов нет.
Тренд 7 дней: недостаточно данных. Ближайшая веха 74 кг, осталось 6.0.

============================================================
TEST 10: admin_cmd with no telegram_user_id
============================================================
OK: Command rejected when telegram_user_id missing
Error: telegram_user_id not injected by framework

============================================================
TEST 11: admin_cmd with non-admin caller
============================================================
